{
  "version": "1.5.0",
  "plugins_used": [
    {
      "name": "ArtifactoryDetector"
    },
    {
      "name": "AWSKeyDetector"
    },
    {
      "name": "AzureStorageKeyDetector"
    },
    {
      "name": "Base64HighEntropyString",
      "limit": 4.5
    },
    {
      "name": "BasicAuthDetector"
    },
    {
      "name": "CloudantDetector"
    },
    {
      "name": "DiscordBotTokenDetector"
    },
    {
      "name": "GitHubTokenDetector"
    },
    {
      "name": "GitLabTokenDetector"
    },
    {
      "name": "HexHighEntropyString",
      "limit": 3.0
    },
    {
      "name": "IbmCloudIamDetector"
    },
    {
      "name": "IbmCosHmacDetector"
    },
    {
      "name": "IPPublicDetector"
    },
    {
      "name": "JwtTokenDetector"
    },
    {
      "name": "KeywordDetector",
      "keyword_exclude": ""
    },
    {
      "name": "MailchimpDetector"
    },
    {
      "name": "NpmDetector"
    },
    {
      "name": "OpenAIDetector"
    },
    {
      "name": "PrivateKeyDetector"
    },
    {
      "name": "PypiTokenDetector"
    },
    {
      "name": "SendGridDetector"
    },
    {
      "name": "SlackDetector"
    },
    {
      "name": "SoftlayerDetector"
    },
    {
      "name": "SquareOAuthDetector"
    },
    {
      "name": "StripeDetector"
    },
    {
      "name": "TelegramBotTokenDetector"
    },
    {
      "name": "TwilioKeyDetector"
    }
  ],
  "filters_used": [
    {
      "path": "detect_secrets.filters.allowlist.is_line_allowlisted"
    },
    {
      "path": "detect_secrets.filters.common.is_baseline_file",
      "filename": ".secrets.baseline"
    },
    {
      "path": "detect_secrets.filters.common.is_ignored_due_to_verification_policies",
      "min_level": 2
    },
    {
      "path": "detect_secrets.filters.heuristic.is_indirect_reference"
    },
    {
      "path": "detect_secrets.filters.heuristic.is_likely_id_string"
    },
    {
      "path": "detect_secrets.filters.heuristic.is_lock_file"
    },
    {
      "path": "detect_secrets.filters.heuristic.is_not_alphanumeric_string"
    },
    {
      "path": "detect_secrets.filters.heuristic.is_potential_uuid"
    },
    {
      "path": "detect_secrets.filters.heuristic.is_prefixed_with_dollar_sign"
    },
    {
      "path": "detect_secrets.filters.heuristic.is_sequential_string"
    },
    {
      "path": "detect_secrets.filters.heuristic.is_swagger_file"
    },
    {
      "path": "detect_secrets.filters.heuristic.is_templated_secret"
    },
    {
      "path": "detect_secrets.filters.regex.should_exclude_file",
      "pattern": [
        "(^|/)(package-lock\\.json|prisma/drift-baseline\\.sql|\\.secrets\\.baseline)$"
      ]
    }
  ],
  "results": {
    ".env.example": [
      {
        "type": "Basic Auth Credentials",
        "filename": ".env.example",
        "hashed_secret": "afc848c316af1a89d49826c5ae9d00ed769415f3",
        "is_verified": false,
        "line_number": 15,
        "is_secret": false
      },
      {
        "type": "Basic Auth Credentials",
        "filename": ".env.example",
        "hashed_secret": "5baa61e4c9b93f3f0682250b6cf8331b7ee68fd8",
        "is_verified": false,
        "line_number": 16,
        "is_secret": false
      }
    ],
    ".github/workflows/ci.yml": [
      {
        "type": "Secret Keyword",
        "filename": ".github/workflows/ci.yml",
        "hashed_secret": "a94a8fe5ccb19ba61c4c0873d391e987982fbbd3",
        "is_verified": false,
        "line_number": 174,
        "is_secret": false
      },
      {
        "type": "Basic Auth Credentials",
        "filename": ".github/workflows/ci.yml",
        "hashed_secret": "a94a8fe5ccb19ba61c4c0873d391e987982fbbd3",
        "is_verified": false,
        "line_number": 184,
        "is_secret": false
      },
      {
        "type": "Basic Auth Credentials",
        "filename": ".github/workflows/ci.yml",
        "hashed_secret": "ff55435345834a3fe224936776c2aa15f6ed5358",
        "is_verified": false,
        "line_number": 242,
        "is_secret": false
      }
    ],
    "README.md": [
      {
        "type": "Basic Auth Credentials",
        "filename": "README.md",
        "hashed_secret": "afc848c316af1a89d49826c5ae9d00ed769415f3",
        "is_verified": false,
        "line_number": 78,
        "is_secret": false
      }
    ],
    "docker-compose.yml": [
      {
        "type": "Secret Keyword",
        "filename": "docker-compose.yml",
        "hashed_secret": "afc848c316af1a89d49826c5ae9d00ed769415f3",
        "is_verified": false,
        "line_number": 9,
        "is_secret": false
      }
    ],
    "docs/deployment.md": [
      {
        "type": "Basic Auth Credentials",
        "filename": "docs/deployment.md",
        "hashed_secret": "9d4e1e23bd5b727046a9e3b4b7db57bd8d6ee684",
        "is_verified": false,
        "line_number": 26,
        "is_secret": false
      },
      {
        "type": "Secret Keyword",
        "filename": "docs/deployment.md",
        "hashed_secret": "62ac4d212a732cc5652bcee128f4dee44e2c5f99",
        "is_verified": false,
        "line_number": 85,
        "is_secret": false
      }
    ],
    "src/__tests__/admin-core-data.test.ts": [
      {
        "type": "Hex High Entropy String",
        "filename": "src/__tests__/admin-core-data.test.ts",
        "hashed_secret": "82c6f2ed52628bddf3ad477a423b0f60047981fe",
        "is_verified": false,
        "line_number": 57,
        "is_secret": false
      }
    ],
    "src/__tests__/ai-disabled-by-default.test.ts": [
      {
        "type": "Secret Keyword",
        "filename": "src/__tests__/ai-disabled-by-default.test.ts",
        "hashed_secret": "3acfb2c2b433c0ea7ff107e33df91b18e52f960f",
        "is_verified": false,
        "line_number": 33,
        "is_secret": false
      }
    ],
    "src/__tests__/authorization-matrix.test.ts": [
      {
        "type": "Secret Keyword",
        "filename": "src/__tests__/authorization-matrix.test.ts",
        "hashed_secret": "18960546905b75c869e7de63961dc185f9a0a7c9",
        "is_verified": false,
        "line_number": 416,
        "is_secret": false
      }
    ],
    "src/__tests__/graph-integration.test.ts": [
      {
        "type": "Secret Keyword",
        "filename": "src/__tests__/graph-integration.test.ts",
        "hashed_secret": "e5e9fa1ba31ecd1ae84f75caaa474f3a663f05f4",
        "is_verified": false,
        "line_number": 11,
        "is_secret": false
      }
    ],
    "src/__tests__/komainu-integration.test.ts": [
      {
        "type": "Secret Keyword",
        "filename": "src/__tests__/komainu-integration.test.ts",
        "hashed_secret": "5b59e218190d77736b6d3eb480de0d55d1a45f3b",
        "is_verified": false,
        "line_number": 60,
        "is_secret": false
      },
      {
        "type": "Secret Keyword",
        "filename": "src/__tests__/komainu-integration.test.ts",
        "hashed_secret": "62ac4d212a732cc5652bcee128f4dee44e2c5f99",
        "is_verified": false,
        "line_number": 63,
        "is_secret": false
      },
      {
        "type": "Secret Keyword",
        "filename": "src/__tests__/komainu-integration.test.ts",
        "hashed_secret": "d51fdfef13d66cd2da66884fb0d0744edc9658bb",
        "is_verified": false,
        "line_number": 64,
        "is_secret": false
      },
      {
        "type": "Secret Keyword",
        "filename": "src/__tests__/komainu-integration.test.ts",
        "hashed_secret": "37d4e202b7d7c375270bd45acdc1dd8638bab2ff",
        "is_verified": false,
        "line_number": 70,
        "is_secret": false
      }
    ],
    "src/__tests__/logger-redacts-sensitive-fields.test.ts": [
      {
        "type": "Base64 High Entropy String",
        "filename": "src/__tests__/logger-redacts-sensitive-fields.test.ts",
        "hashed_secret": "13ab2f87b1fe173853df224693d4de993f5a8da1",
        "is_verified": false,
        "line_number": 10,
        "is_secret": false
      },
      {
        "type": "Secret Keyword",
        "filename": "src/__tests__/logger-redacts-sensitive-fields.test.ts",
        "hashed_secret": "12201fe5e202883bd45fc97e87366ea05183e0e4",
        "is_verified": false,
        "line_number": 51,
        "is_secret": false
      }
    ],
    "src/__tests__/no-secrets-in-env-in-production.test.ts": [
      {
        "type": "Secret Keyword",
        "filename": "src/__tests__/no-secrets-in-env-in-production.test.ts",
        "hashed_secret": "950b3458cc706887fcabca468f0c5c38a74c76f5",
        "is_verified": false,
        "line_number": 31,
        "is_secret": false
      },
      {
        "type": "Secret Keyword",
        "filename": "src/__tests__/no-secrets-in-env-in-production.test.ts",
        "hashed_secret": "0c2bc1a48524f81ecd6d9f712604ccc4c9e9b7a9",
        "is_verified": false,
        "line_number": 32,
        "is_secret": false
      }
    ],
    "src/__tests__/prod-has-no-credentials-provider.test.ts": [
      {
        "type": "Secret Keyword",
        "filename": "src/__tests__/prod-has-no-credentials-provider.test.ts",
        "hashed_secret": "e5e9fa1ba31ecd1ae84f75caaa474f3a663f05f4",
        "is_verified": false,
        "line_number": 13,
        "is_secret": false
      }
    ],
    "src/__tests__/security-hardening.test.ts": [
      {
        "type": "Secret Keyword",
        "filename": "src/__tests__/security-hardening.test.ts",
        "hashed_secret": "d4e0e04792fd434b5dc9c4155c178f66edcf4ed3",
        "is_verified": false,
        "line_number": 52,
        "is_secret": false
      },
      {
        "type": "Secret Keyword",
        "filename": "src/__tests__/security-hardening.test.ts",
        "hashed_secret": "a62f2225bf70bfaccbc7f1ef2a397836717377de",
        "is_verified": false,
        "line_number": 67,
        "is_secret": false
      },
      {
        "type": "Secret Keyword",
        "filename": "src/__tests__/security-hardening.test.ts",
        "hashed_secret": "5dc30002df1dcf8e677494c4065cd715a77b3801",
        "is_verified": false,
        "line_number": 232,
        "is_secret": false
      }
    ],
    "src/__tests__/session-revocation.test.ts": [
      {
        "type": "Base64 High Entropy String",
        "filename": "src/__tests__/session-revocation.test.ts",
        "hashed_secret": "dea3c171abcdfb3e8380d6860630f618eb6e074f",
        "is_verified": false,
        "line_number": 13,
        "is_secret": false
      },
      {
        "type": "Hex High Entropy String",
        "filename": "src/__tests__/session-revocation.test.ts",
        "hashed_secret": "b1775a785f09a6ebaf2dc33d6eaeb98974d9cdb8",
        "is_verified": false,
        "line_number": 28,
        "is_secret": false
      }
    ],
    "src/__tests__/validation.test.ts": [
      {
        "type": "Secret Keyword",
        "filename": "src/__tests__/validation.test.ts",
        "hashed_secret": "a0f4ea7d91495df92bbac2e2149dfb850fe81396",
        "is_verified": false,
        "line_number": 98,
        "is_secret": false
      },
      {
        "type": "Secret Keyword",
        "filename": "src/__tests__/validation.test.ts",
        "hashed_secret": "d309d2aeb3e89090d7eff63d2d4a1bab1c983bfd",
        "is_verified": false,
        "line_number": 111,
        "is_secret": false
      }
    ],
    "src/app/admin/ClientsTab.tsx": [
      {
        "type": "Hex High Entropy String",
        "filename": "src/app/admin/ClientsTab.tsx",
        "hashed_secret": "82c6f2ed52628bddf3ad477a423b0f60047981fe",
        "is_verified": false,
        "line_number": 116,
        "is_secret": false
      }
    ],
    "src/app/admin/IntegrationsTab.tsx": [
      {
        "type": "Hex High Entropy String",
        "filename": "src/app/admin/IntegrationsTab.tsx",
        "hashed_secret": "82c6f2ed52628bddf3ad477a423b0f60047981fe",
        "is_verified": false,
        "line_number": 335,
        "is_secret": false
      }
    ]
  },
  "generated_at": "2026-09-24T16:51:41Z"
}
